// Jest Snapshot v1, https://goo.gl/fbAQLP

exports[`Integration test ads query ads wine in sale 1`] = `
Object {
  "data": Object {
    "ads": Array [
      null,
    ],
  },
  "errors": Array [
    [GraphQLError: You need to login to continue],
  ],
  "extensions": undefined,
  "http": Object {
    "headers": Headers {
      Symbol(map): Object {},
    },
  },
}
`;
